// Jest Snapshot v1, https://goo.gl/fbAQLP

exports[`LinkComponent Render Editor with custom LinkComponent 1`] = `
<div>
  <div
    class="Component-root-1 "
  >
    <div
      class="DraftEditor-root"
    >
      <div
        class="DraftEditor-editorContainer"
      >
        <div
          aria-describedby="placeholder-test-editor"
          class="public-DraftEditor-content"
          contenteditable="false"
          spellcheck="true"
          style="outline: none; user-select: text; white-space: pre-wrap; word-wrap: break-word;"
        >
          <div
            data-contents="true"
          >
            <div
              class=""
              data-block="true"
              data-editor="test-editor"
              data-offset-key="bhhca-0-0"
            >
              <div
                class="public-DraftStyleDefault-block public-DraftStyleDefault-ltr"
                data-offset-key="bhhca-0-0"
              >
                <span
                  data-offset-key="bhhca-0-0"
                >
                  <span
                    data-text="true"
                  >
                    Link to 
                  </span>
                </span>
                <a
                  class="custom-link"
                  href="https://modxclub.ru"
                  style="color: green;"
                  target="_blank"
                >
                  <span
                    data-offset-key="bhhca-1-0"
                  >
                    <span
                      data-text="true"
                    >
                      modxclub.ru
                    </span>
                  </span>
                </a>
                <span
                  data-offset-key="bhhca-2-0"
                >
                  <span
                    data-text="true"
                  >
                     
                  </span>
                </span>
              </div>
            </div>
            <div
              class=""
              data-block="true"
              data-editor="test-editor"
              data-offset-key="bhhcb-0-0"
            >
              <div
                class="public-DraftStyleDefault-block public-DraftStyleDefault-ltr"
                data-offset-key="bhhcb-0-0"
              >
                <span
                  data-offset-key="bhhcb-0-0"
                >
                  <span
                    data-text="true"
                  >
                    Link to 
                  </span>
                </span>
                <a
                  class="custom-link"
                  href="/content-state"
                  style="color: green;"
                >
                  <span
                    data-offset-key="bhhcb-1-0"
                  >
                    <span
                      data-text="true"
                    >
                      /content-state
                    </span>
                  </span>
                </a>
              </div>
            </div>
          </div>
        </div>
      </div>
    </div>
  </div>
</div>
`;
